nohup: ignoring input
Running: policy=random workload=balanced iterations=100 trial=1
Running: policy=random workload=balanced iterations=100 trial=2
Running: policy=random workload=balanced iterations=100 trial=3
Running: policy=random workload=balanced iterations=100 trial=4
Running: policy=random workload=balanced iterations=100 trial=5
Running: policy=random workload=balanced iterations=100 trial=6
Running: policy=random workload=balanced iterations=100 trial=7
Running: policy=random workload=balanced iterations=100 trial=8
Running: policy=random workload=balanced iterations=100 trial=9
Running: policy=random workload=balanced iterations=100 trial=10
Running: policy=random workload=balanced iterations=1000 trial=1
Running: policy=random workload=balanced iterations=1000 trial=2
Running: policy=random workload=balanced iterations=1000 trial=3
Running: policy=random workload=balanced iterations=1000 trial=4
Running: policy=random workload=balanced iterations=1000 trial=5
Running: policy=random workload=balanced iterations=1000 trial=6
Running: policy=random workload=balanced iterations=1000 trial=7
Running: policy=random workload=balanced iterations=1000 trial=8
Running: policy=random workload=balanced iterations=1000 trial=9
Running: policy=random workload=balanced iterations=1000 trial=10
Running: policy=random workload=balanced iterations=10000 trial=1
Running: policy=random workload=balanced iterations=10000 trial=2
Running: policy=random workload=balanced iterations=10000 trial=3
Running: policy=random workload=balanced iterations=10000 trial=4
Running: policy=random workload=balanced iterations=10000 trial=5
Running: policy=random workload=balanced iterations=10000 trial=6
Running: policy=random workload=balanced iterations=10000 trial=7
Running: policy=random workload=balanced iterations=10000 trial=8
Running: policy=random workload=balanced iterations=10000 trial=9
Running: policy=random workload=balanced iterations=10000 trial=10
Running: policy=random workload=imbalanced iterations=100 trial=1
Running: policy=random workload=imbalanced iterations=100 trial=2
Running: policy=random workload=imbalanced iterations=100 trial=3
Running: policy=random workload=imbalanced iterations=100 trial=4
Running: policy=random workload=imbalanced iterations=100 trial=5
Running: policy=random workload=imbalanced iterations=100 trial=6
Running: policy=random workload=imbalanced iterations=100 trial=7
Running: policy=random workload=imbalanced iterations=100 trial=8
Running: policy=random workload=imbalanced iterations=100 trial=9
Running: policy=random workload=imbalanced iterations=100 trial=10
Running: policy=random workload=imbalanced iterations=1000 trial=1
Running: policy=random workload=imbalanced iterations=1000 trial=2
Running: policy=random workload=imbalanced iterations=1000 trial=3
Running: policy=random workload=imbalanced iterations=1000 trial=4
Running: policy=random workload=imbalanced iterations=1000 trial=5
Running: policy=random workload=imbalanced iterations=1000 trial=6
Running: policy=random workload=imbalanced iterations=1000 trial=7
Running: policy=random workload=imbalanced iterations=1000 trial=8
Running: policy=random workload=imbalanced iterations=1000 trial=9
Running: policy=random workload=imbalanced iterations=1000 trial=10
Running: policy=random workload=imbalanced iterations=10000 trial=1
Running: policy=random workload=imbalanced iterations=10000 trial=2
Running: policy=random workload=imbalanced iterations=10000 trial=3
Running: policy=random workload=imbalanced iterations=10000 trial=4
Running: policy=random workload=imbalanced iterations=10000 trial=5
Running: policy=random workload=imbalanced iterations=10000 trial=6
Running: policy=random workload=imbalanced iterations=10000 trial=7
Running: policy=random workload=imbalanced iterations=10000 trial=8
Running: policy=random workload=imbalanced iterations=10000 trial=9
Running: policy=random workload=imbalanced iterations=10000 trial=10
Running: policy=linear workload=balanced iterations=100 trial=1
Running: policy=linear workload=balanced iterations=100 trial=2
Running: policy=linear workload=balanced iterations=100 trial=3
Running: policy=linear workload=balanced iterations=100 trial=4
Running: policy=linear workload=balanced iterations=100 trial=5
Running: policy=linear workload=balanced iterations=100 trial=6
Running: policy=linear workload=balanced iterations=100 trial=7
Running: policy=linear workload=balanced iterations=100 trial=8
Running: policy=linear workload=balanced iterations=100 trial=9
Running: policy=linear workload=balanced iterations=100 trial=10
Running: policy=linear workload=balanced iterations=1000 trial=1
Running: policy=linear workload=balanced iterations=1000 trial=2
Running: policy=linear workload=balanced iterations=1000 trial=3
Running: policy=linear workload=balanced iterations=1000 trial=4
Running: policy=linear workload=balanced iterations=1000 trial=5
Running: policy=linear workload=balanced iterations=1000 trial=6
Running: policy=linear workload=balanced iterations=1000 trial=7
Running: policy=linear workload=balanced iterations=1000 trial=8
Running: policy=linear workload=balanced iterations=1000 trial=9
Running: policy=linear workload=balanced iterations=1000 trial=10
Running: policy=linear workload=balanced iterations=10000 trial=1
Running: policy=linear workload=balanced iterations=10000 trial=2
Running: policy=linear workload=balanced iterations=10000 trial=3
Running: policy=linear workload=balanced iterations=10000 trial=4
Running: policy=linear workload=balanced iterations=10000 trial=5
Running: policy=linear workload=balanced iterations=10000 trial=6
Running: policy=linear workload=balanced iterations=10000 trial=7
Running: policy=linear workload=balanced iterations=10000 trial=8
Running: policy=linear workload=balanced iterations=10000 trial=9
Running: policy=linear workload=balanced iterations=10000 trial=10
Running: policy=linear workload=imbalanced iterations=100 trial=1
Running: policy=linear workload=imbalanced iterations=100 trial=2
Running: policy=linear workload=imbalanced iterations=100 trial=3
Running: policy=linear workload=imbalanced iterations=100 trial=4
Running: policy=linear workload=imbalanced iterations=100 trial=5
Running: policy=linear workload=imbalanced iterations=100 trial=6
Running: policy=linear workload=imbalanced iterations=100 trial=7
Running: policy=linear workload=imbalanced iterations=100 trial=8
Running: policy=linear workload=imbalanced iterations=100 trial=9
Running: policy=linear workload=imbalanced iterations=100 trial=10
Running: policy=linear workload=imbalanced iterations=1000 trial=1
Running: policy=linear workload=imbalanced iterations=1000 trial=2
Running: policy=linear workload=imbalanced iterations=1000 trial=3
Running: policy=linear workload=imbalanced iterations=1000 trial=4
Running: policy=linear workload=imbalanced iterations=1000 trial=5
Running: policy=linear workload=imbalanced iterations=1000 trial=6
Running: policy=linear workload=imbalanced iterations=1000 trial=7
Running: policy=linear workload=imbalanced iterations=1000 trial=8
Running: policy=linear workload=imbalanced iterations=1000 trial=9
Running: policy=linear workload=imbalanced iterations=1000 trial=10
Running: policy=linear workload=imbalanced iterations=10000 trial=1
Running: policy=linear workload=imbalanced iterations=10000 trial=2
Running: policy=linear workload=imbalanced iterations=10000 trial=3
Running: policy=linear workload=imbalanced iterations=10000 trial=4
Running: policy=linear workload=imbalanced iterations=10000 trial=5
Running: policy=linear workload=imbalanced iterations=10000 trial=6
Running: policy=linear workload=imbalanced iterations=10000 trial=7
Running: policy=linear workload=imbalanced iterations=10000 trial=8
Running: policy=linear workload=imbalanced iterations=10000 trial=9
Running: policy=linear workload=imbalanced iterations=10000 trial=10
